Archive member included to satisfy reference by file (symbol)

c:/program files (x86)/atmel/studio/7.0/toolchain/avr8/avr8-gnu-toolchain/bin/../lib/gcc/avr/5.4.0/avr5\libgcc.a(_udivmodhi4.o)
                              StringHandler.o (__udivmodhi4)
c:/program files (x86)/atmel/studio/7.0/toolchain/avr8/avr8-gnu-toolchain/bin/../lib/gcc/avr/5.4.0/avr5\libgcc.a(_exit.o)
                              C:/Program Files (x86)/Atmel/Studio/7.0/Packs/atmel/ATmega_DFP/1.6.364/gcc/dev/atmega32/avr5/crtatmega32.o (exit)
c:/program files (x86)/atmel/studio/7.0/toolchain/avr8/avr8-gnu-toolchain/bin/../lib/gcc/avr/5.4.0/avr5\libgcc.a(_copy_data.o)
                              Sign_processing.o (__do_copy_data)
c:/program files (x86)/atmel/studio/7.0/toolchain/avr8/avr8-gnu-toolchain/bin/../lib/gcc/avr/5.4.0/avr5\libgcc.a(_clear_bss.o)
                              Sign_processing.o (__do_clear_bss)

Allocating common symbols
Common symbol       size              file

Middle_String       0x5               Sign_processing.o
Thumb_String        0x5               Sign_processing.o
Little_String       0x5               Sign_processing.o
Index_String        0x5               Sign_processing.o
Ring_String         0x5               Sign_processing.o

Discarded input sections

 .data          0x00000000        0x0 C:/Program Files (x86)/Atmel/Studio/7.0/Packs/atmel/ATmega_DFP/1.6.364/gcc/dev/atmega32/avr5/crtatmega32.o
 .bss           0x00000000        0x0 C:/Program Files (x86)/Atmel/Studio/7.0/Packs/atmel/ATmega_DFP/1.6.364/gcc/dev/atmega32/avr5/crtatmega32.o
 .text          0x00000000        0x0 ADC.o
 .data          0x00000000        0x0 ADC.o
 .bss           0x00000000        0x0 ADC.o
 .text          0x00000000        0x0 Sign_processing.o
 .data          0x00000000        0x0 Sign_processing.o
 .bss           0x00000000        0x0 Sign_processing.o
 .text.Sign_Values
                0x00000000       0x58 Sign_processing.o
 .text          0x00000000        0x0 Dio.o
 .data          0x00000000        0x0 Dio.o
 .bss           0x00000000        0x0 Dio.o
 .text.Dio_PortSetDirection
                0x00000000       0x2e Dio.o
 .text.Dio_PortFlipDirection
                0x00000000       0x3e Dio.o
 .text.Dio_PinFlipDirection
                0x00000000       0x76 Dio.o
 .text.Dio_GroupFlipDirection
                0x00000000       0x66 Dio.o
 .text.Dio_GroupWrite
                0x00000000       0x5e Dio.o
 .text.Dio_PortFlip
                0x00000000       0x3e Dio.o
 .text.Dio_PinFlip
                0x00000000       0x76 Dio.o
 .text.Dio_GroupFlip
                0x00000000       0x66 Dio.o
 .text.Dio_PortRead
                0x00000000       0x3e Dio.o
 .text.Dio_PinRead
                0x00000000       0x76 Dio.o
 .text.Dio_GroupRead
                0x00000000       0x46 Dio.o
 .text.Dio_PortPullupState
                0x00000000       0x2e Dio.o
 .text.Dio_GroupPullupState
                0x00000000       0x5e Dio.o
 .text.Dio_PortPullupStateFlip
                0x00000000       0x3e Dio.o
 .text.Dio_PinPullupStateFlip
                0x00000000       0x76 Dio.o
 .text.Dio_GroupPullupStateFlip
                0x00000000       0x66 Dio.o
 .text          0x00000000        0x0 ISRs.o
 .data          0x00000000        0x0 ISRs.o
 .bss           0x00000000        0x0 ISRs.o
 .text          0x00000000        0x0 LCD.o
 .data          0x00000000        0x0 LCD.o
 .bss           0x00000000        0x0 LCD.o
 .text.LCD_Postion
                0x00000000       0x1e LCD.o
 .text          0x00000000        0x0 LED.o
 .data          0x00000000        0x0 LED.o
 .bss           0x00000000        0x0 LED.o
 .text.LED_Init
                0x00000000       0x20 LED.o
 .text.LED_Write
                0x00000000        0x6 LED.o
 .debug_info    0x00000000      0x1c1 LED.o
 .debug_abbrev  0x00000000       0xb9 LED.o
 .debug_loc     0x00000000       0x63 LED.o
 .debug_aranges
                0x00000000       0x28 LED.o
 .debug_ranges  0x00000000       0x18 LED.o
 .debug_line    0x00000000       0x76 LED.o
 .debug_str     0x00000000      0x20b LED.o
 .comment       0x00000000       0x31 LED.o
 .debug_frame   0x00000000       0x34 LED.o
 .text          0x00000000        0x0 main.o
 .data          0x00000000        0x0 main.o
 .bss           0x00000000        0x0 main.o
 .text          0x00000000        0x0 StringHandler.o
 .data          0x00000000        0x0 StringHandler.o
 .bss           0x00000000        0x0 StringHandler.o
 .text.U8HEX2String
                0x00000000       0x32 StringHandler.o
 .text.U8Decimal2String
                0x00000000       0x48 StringHandler.o
 .text.PowFunction
                0x00000000       0x2a StringHandler.o
 .text.U16Decimal2String
                0x00000000       0x66 StringHandler.o
 .text          0x00000000        0x0 c:/program files (x86)/atmel/studio/7.0/toolchain/avr8/avr8-gnu-toolchain/bin/../lib/gcc/avr/5.4.0/avr5\libgcc.a(_udivmodhi4.o)
 .data          0x00000000        0x0 c:/program files (x86)/atmel/studio/7.0/toolchain/avr8/avr8-gnu-toolchain/bin/../lib/gcc/avr/5.4.0/avr5\libgcc.a(_udivmodhi4.o)
 .bss           0x00000000        0x0 c:/program files (x86)/atmel/studio/7.0/toolchain/avr8/avr8-gnu-toolchain/bin/../lib/gcc/avr/5.4.0/avr5\libgcc.a(_udivmodhi4.o)
 .text.libgcc.mul
                0x00000000        0x0 c:/program files (x86)/atmel/studio/7.0/toolchain/avr8/avr8-gnu-toolchain/bin/../lib/gcc/avr/5.4.0/avr5\libgcc.a(_udivmodhi4.o)
 .text.libgcc.div
                0x00000000       0x28 c:/program files (x86)/atmel/studio/7.0/toolchain/avr8/avr8-gnu-toolchain/bin/../lib/gcc/avr/5.4.0/avr5\libgcc.a(_udivmodhi4.o)
 .text.libgcc   0x00000000        0x0 c:/program files (x86)/atmel/studio/7.0/toolchain/avr8/avr8-gnu-toolchain/bin/../lib/gcc/avr/5.4.0/avr5\libgcc.a(_udivmodhi4.o)
 .text.libgcc.prologue
                0x00000000        0x0 c:/program files (x86)/atmel/studio/7.0/toolchain/avr8/avr8-gnu-toolchain/bin/../lib/gcc/avr/5.4.0/avr5\libgcc.a(_udivmodhi4.o)
 .text.libgcc.builtins
                0x00000000        0x0 c:/program files (x86)/atmel/studio/7.0/toolchain/avr8/avr8-gnu-toolchain/bin/../lib/gcc/avr/5.4.0/avr5\libgcc.a(_udivmodhi4.o)
 .text.libgcc.fmul
                0x00000000        0x0 c:/program files (x86)/atmel/studio/7.0/toolchain/avr8/avr8-gnu-toolchain/bin/../lib/gcc/avr/5.4.0/avr5\libgcc.a(_udivmodhi4.o)
 .text.libgcc.fixed
                0x00000000        0x0 c:/program files (x86)/atmel/studio/7.0/toolchain/avr8/avr8-gnu-toolchain/bin/../lib/gcc/avr/5.4.0/avr5\libgcc.a(_udivmodhi4.o)
 .text          0x00000000        0x0 c:/program files (x86)/atmel/studio/7.0/toolchain/avr8/avr8-gnu-toolchain/bin/../lib/gcc/avr/5.4.0/avr5\libgcc.a(_exit.o)
 .data          0x00000000        0x0 c:/program files (x86)/atmel/studio/7.0/toolchain/avr8/avr8-gnu-toolchain/bin/../lib/gcc/avr/5.4.0/avr5\libgcc.a(_exit.o)
 .bss           0x00000000        0x0 c:/program files (x86)/atmel/studio/7.0/toolchain/avr8/avr8-gnu-toolchain/bin/../lib/gcc/avr/5.4.0/avr5\libgcc.a(_exit.o)
 .text.libgcc.mul
                0x00000000        0x0 c:/program files (x86)/atmel/studio/7.0/toolchain/avr8/avr8-gnu-toolchain/bin/../lib/gcc/avr/5.4.0/avr5\libgcc.a(_exit.o)
 .text.libgcc.div
                0x00000000        0x0 c:/program files (x86)/atmel/studio/7.0/toolchain/avr8/avr8-gnu-toolchain/bin/../lib/gcc/avr/5.4.0/avr5\libgcc.a(_exit.o)
 .text.libgcc   0x00000000        0x0 c:/program files (x86)/atmel/studio/7.0/toolchain/avr8/avr8-gnu-toolchain/bin/../lib/gcc/avr/5.4.0/avr5\libgcc.a(_exit.o)
 .text.libgcc.prologue
                0x00000000        0x0 c:/program files (x86)/atmel/studio/7.0/toolchain/avr8/avr8-gnu-toolchain/bin/../lib/gcc/avr/5.4.0/avr5\libgcc.a(_exit.o)
 .text.libgcc.builtins
                0x00000000        0x0 c:/program files (x86)/atmel/studio/7.0/toolchain/avr8/avr8-gnu-toolchain/bin/../lib/gcc/avr/5.4.0/avr5\libgcc.a(_exit.o)
 .text.libgcc.fmul
                0x00000000        0x0 c:/program files (x86)/atmel/studio/7.0/toolchain/avr8/avr8-gnu-toolchain/bin/../lib/gcc/avr/5.4.0/avr5\libgcc.a(_exit.o)
 .text.libgcc.fixed
                0x00000000        0x0 c:/program files (x86)/atmel/studio/7.0/toolchain/avr8/avr8-gnu-toolchain/bin/../lib/gcc/avr/5.4.0/avr5\libgcc.a(_exit.o)
 .text          0x00000000        0x0 c:/program files (x86)/atmel/studio/7.0/toolchain/avr8/avr8-gnu-toolchain/bin/../lib/gcc/avr/5.4.0/avr5\libgcc.a(_copy_data.o)
 .data          0x00000000        0x0 c:/program files (x86)/atmel/studio/7.0/toolchain/avr8/avr8-gnu-toolchain/bin/../lib/gcc/avr/5.4.0/avr5\libgcc.a(_copy_data.o)
 .bss           0x00000000        0x0 c:/program files (x86)/atmel/studio/7.0/toolchain/avr8/avr8-gnu-toolchain/bin/../lib/gcc/avr/5.4.0/avr5\libgcc.a(_copy_data.o)
 .text.libgcc.mul
                0x00000000        0x0 c:/program files (x86)/atmel/studio/7.0/toolchain/avr8/avr8-gnu-toolchain/bin/../lib/gcc/avr/5.4.0/avr5\libgcc.a(_copy_data.o)
 .text.libgcc.div
                0x00000000        0x0 c:/program files (x86)/atmel/studio/7.0/toolchain/avr8/avr8-gnu-toolchain/bin/../lib/gcc/avr/5.4.0/avr5\libgcc.a(_copy_data.o)
 .text.libgcc   0x00000000        0x0 c:/program files (x86)/atmel/studio/7.0/toolchain/avr8/avr8-gnu-toolchain/bin/../lib/gcc/avr/5.4.0/avr5\libgcc.a(_copy_data.o)
 .text.libgcc.prologue
                0x00000000        0x0 c:/program files (x86)/atmel/studio/7.0/toolchain/avr8/avr8-gnu-toolchain/bin/../lib/gcc/avr/5.4.0/avr5\libgcc.a(_copy_data.o)
 .text.libgcc.builtins
                0x00000000        0x0 c:/program files (x86)/atmel/studio/7.0/toolchain/avr8/avr8-gnu-toolchain/bin/../lib/gcc/avr/5.4.0/avr5\libgcc.a(_copy_data.o)
 .text.libgcc.fmul
                0x00000000        0x0 c:/program files (x86)/atmel/studio/7.0/toolchain/avr8/avr8-gnu-toolchain/bin/../lib/gcc/avr/5.4.0/avr5\libgcc.a(_copy_data.o)
 .text.libgcc.fixed
                0x00000000        0x0 c:/program files (x86)/atmel/studio/7.0/toolchain/avr8/avr8-gnu-toolchain/bin/../lib/gcc/avr/5.4.0/avr5\libgcc.a(_copy_data.o)
 .text          0x00000000        0x0 c:/program files (x86)/atmel/studio/7.0/toolchain/avr8/avr8-gnu-toolchain/bin/../lib/gcc/avr/5.4.0/avr5\libgcc.a(_clear_bss.o)
 .data          0x00000000        0x0 c:/program files (x86)/atmel/studio/7.0/toolchain/avr8/avr8-gnu-toolchain/bin/../lib/gcc/avr/5.4.0/avr5\libgcc.a(_clear_bss.o)
 .bss           0x00000000        0x0 c:/program files (x86)/atmel/studio/7.0/toolchain/avr8/avr8-gnu-toolchain/bin/../lib/gcc/avr/5.4.0/avr5\libgcc.a(_clear_bss.o)
 .text.libgcc.mul
                0x00000000        0x0 c:/program files (x86)/atmel/studio/7.0/toolchain/avr8/avr8-gnu-toolchain/bin/../lib/gcc/avr/5.4.0/avr5\libgcc.a(_clear_bss.o)
 .text.libgcc.div
                0x00000000        0x0 c:/program files (x86)/atmel/studio/7.0/toolchain/avr8/avr8-gnu-toolchain/bin/../lib/gcc/avr/5.4.0/avr5\libgcc.a(_clear_bss.o)
 .text.libgcc   0x00000000        0x0 c:/program files (x86)/atmel/studio/7.0/toolchain/avr8/avr8-gnu-toolchain/bin/../lib/gcc/avr/5.4.0/avr5\libgcc.a(_clear_bss.o)
 .text.libgcc.prologue
                0x00000000        0x0 c:/program files (x86)/atmel/studio/7.0/toolchain/avr8/avr8-gnu-toolchain/bin/../lib/gcc/avr/5.4.0/avr5\libgcc.a(_clear_bss.o)
 .text.libgcc.builtins
                0x00000000        0x0 c:/program files (x86)/atmel/studio/7.0/toolchain/avr8/avr8-gnu-toolchain/bin/../lib/gcc/avr/5.4.0/avr5\libgcc.a(_clear_bss.o)
 .text.libgcc.fmul
                0x00000000        0x0 c:/program files (x86)/atmel/studio/7.0/toolchain/avr8/avr8-gnu-toolchain/bin/../lib/gcc/avr/5.4.0/avr5\libgcc.a(_clear_bss.o)
 .text.libgcc.fixed
                0x00000000        0x0 c:/program files (x86)/atmel/studio/7.0/toolchain/avr8/avr8-gnu-toolchain/bin/../lib/gcc/avr/5.4.0/avr5\libgcc.a(_clear_bss.o)

Memory Configuration

Name             Origin             Length             Attributes
text             0x00000000         0x00008000         xr
data             0x00800060         0x00000800         rw !x
eeprom           0x00810000         0x00000400         rw !x
fuse             0x00820000         0x00000002         rw !x
lock             0x00830000         0x00000400         rw !x
signature        0x00840000         0x00000400         rw !x
user_signatures  0x00850000         0x00000400         rw !x
*default*        0x00000000         0xffffffff

Linker script and memory map

LOAD C:/Program Files (x86)/Atmel/Studio/7.0/Packs/atmel/ATmega_DFP/1.6.364/gcc/dev/atmega32/avr5/crtatmega32.o
LOAD ADC.o
LOAD Sign_processing.o
LOAD Dio.o
LOAD ISRs.o
LOAD LCD.o
LOAD LED.o
LOAD main.o
LOAD StringHandler.o
START GROUP
LOAD c:/program files (x86)/atmel/studio/7.0/toolchain/avr8/avr8-gnu-toolchain/bin/../lib/gcc/avr/5.4.0/../../../../avr/lib/avr5\libm.a
END GROUP
START GROUP
LOAD c:/program files (x86)/atmel/studio/7.0/toolchain/avr8/avr8-gnu-toolchain/bin/../lib/gcc/avr/5.4.0/avr5\libgcc.a
LOAD c:/program files (x86)/atmel/studio/7.0/toolchain/avr8/avr8-gnu-toolchain/bin/../lib/gcc/avr/5.4.0/../../../../avr/lib/avr5\libm.a
LOAD c:/program files (x86)/atmel/studio/7.0/toolchain/avr8/avr8-gnu-toolchain/bin/../lib/gcc/avr/5.4.0/../../../../avr/lib/avr5\libc.a
LOAD C:/Program Files (x86)/Atmel/Studio/7.0/Packs/atmel/ATmega_DFP/1.6.364/gcc/dev/atmega32/avr5\libatmega32.a
END GROUP
                0x00000000                __TEXT_REGION_ORIGIN__ = DEFINED (__TEXT_REGION_ORIGIN__)?__TEXT_REGION_ORIGIN__:0x0
                [0x00800060]                __DATA_REGION_ORIGIN__ = DEFINED (__DATA_REGION_ORIGIN__)?__DATA_REGION_ORIGIN__:0x800060
                [0x00008000]                __TEXT_REGION_LENGTH__ = DEFINED (__TEXT_REGION_LENGTH__)?__TEXT_REGION_LENGTH__:0x20000
                [0x00000800]                __DATA_REGION_LENGTH__ = DEFINED (__DATA_REGION_LENGTH__)?__DATA_REGION_LENGTH__:0xffa0
                [0x00000400]                __EEPROM_REGION_LENGTH__ = DEFINED (__EEPROM_REGION_LENGTH__)?__EEPROM_REGION_LENGTH__:0x10000
                [0x00000002]                __FUSE_REGION_LENGTH__ = DEFINED (__FUSE_REGION_LENGTH__)?__FUSE_REGION_LENGTH__:0x400
                0x00000400                __LOCK_REGION_LENGTH__ = DEFINED (__LOCK_REGION_LENGTH__)?__LOCK_REGION_LENGTH__:0x400
                0x00000400                __SIGNATURE_REGION_LENGTH__ = DEFINED (__SIGNATURE_REGION_LENGTH__)?__SIGNATURE_REGION_LENGTH__:0x400
                0x00000400                __USER_SIGNATURE_REGION_LENGTH__ = DEFINED (__USER_SIGNATURE_REGION_LENGTH__)?__USER_SIGNATURE_REGION_LENGTH__:0x400

.hash
 *(.hash)

.dynsym
 *(.dynsym)

.dynstr
 *(.dynstr)

.gnu.version
 *(.gnu.version)

.gnu.version_d
 *(.gnu.version_d)

.gnu.version_r
 *(.gnu.version_r)

.rel.init
 *(.rel.init)

.rela.init
 *(.rela.init)

.rel.text
 *(.rel.text)
 *(.rel.text.*)
 *(.rel.gnu.linkonce.t*)

.rela.text
 *(.rela.text)
 *(.rela.text.*)
 *(.rela.gnu.linkonce.t*)

.rel.fini
 *(.rel.fini)

.rela.fini
 *(.rela.fini)

.rel.rodata
 *(.rel.rodata)
 *(.rel.rodata.*)
 *(.rel.gnu.linkonce.r*)

.rela.rodata
 *(.rela.rodata)
 *(.rela.rodata.*)
 *(.rela.gnu.linkonce.r*)

.rel.data
 *(.rel.data)
 *(.rel.data.*)
 *(.rel.gnu.linkonce.d*)

.rela.data
 *(.rela.data)
 *(.rela.data.*)
 *(.rela.gnu.linkonce.d*)

.rel.ctors
 *(.rel.ctors)

.rela.ctors
 *(.rela.ctors)

.rel.dtors
 *(.rel.dtors)

.rela.dtors
 *(.rela.dtors)

.rel.got
 *(.rel.got)

.rela.got
 *(.rela.got)

.rel.bss
 *(.rel.bss)

.rela.bss
 *(.rela.bss)

.rel.plt
 *(.rel.plt)

.rela.plt
 *(.rela.plt)

.text           0x00000000      0xf56
 *(.vectors)
 .vectors       0x00000000       0x54 C:/Program Files (x86)/Atmel/Studio/7.0/Packs/atmel/ATmega_DFP/1.6.364/gcc/dev/atmega32/avr5/crtatmega32.o
                0x00000000                __vector_default
                0x00000000                __vectors
 *(.vectors)
 *(.progmem.gcc*)
                0x00000054                . = ALIGN (0x2)
                0x00000054                __trampolines_start = .
 *(.trampolines)
 .trampolines   0x00000054        0x0 linker stubs
 *(.trampolines*)
                0x00000054                __trampolines_end = .
 *libprintf_flt.a:*(.progmem.data)
 *libc.a:*(.progmem.data)
 *(.progmem*)
                0x00000054                . = ALIGN (0x2)
 *(.jumptables)
 *(.jumptables*)
 *(.lowtext)
 *(.lowtext*)
                0x00000054                __ctors_start = .
 *(.ctors)
                0x00000054                __ctors_end = .
                0x00000054                __dtors_start = .
 *(.dtors)
                0x00000054                __dtors_end = .
 SORT(*)(.ctors)
 SORT(*)(.dtors)
 *(.init0)
 .init0         0x00000054        0x0 C:/Program Files (x86)/Atmel/Studio/7.0/Packs/atmel/ATmega_DFP/1.6.364/gcc/dev/atmega32/avr5/crtatmega32.o
                0x00000054                __init
 *(.init0)
 *(.init1)
 *(.init1)
 *(.init2)
 .init2         0x00000054        0xc C:/Program Files (x86)/Atmel/Studio/7.0/Packs/atmel/ATmega_DFP/1.6.364/gcc/dev/atmega32/avr5/crtatmega32.o
 *(.init2)
 *(.init3)
 *(.init3)
 *(.init4)
 .init4         0x00000060       0x16 c:/program files (x86)/atmel/studio/7.0/toolchain/avr8/avr8-gnu-toolchain/bin/../lib/gcc/avr/5.4.0/avr5\libgcc.a(_copy_data.o)
                0x00000060                __do_copy_data
 .init4         0x00000076       0x10 c:/program files (x86)/atmel/studio/7.0/toolchain/avr8/avr8-gnu-toolchain/bin/../lib/gcc/avr/5.4.0/avr5\libgcc.a(_clear_bss.o)
                0x00000076                __do_clear_bss
 *(.init4)
 *(.init5)
 *(.init5)
 *(.init6)
 *(.init6)
 *(.init7)
 *(.init7)
 *(.init8)
 *(.init8)
 *(.init9)
 .init9         0x00000086        0x8 C:/Program Files (x86)/Atmel/Studio/7.0/Packs/atmel/ATmega_DFP/1.6.364/gcc/dev/atmega32/avr5/crtatmega32.o
 *(.init9)
 *(.text)
 .text          0x0000008e        0x4 C:/Program Files (x86)/Atmel/Studio/7.0/Packs/atmel/ATmega_DFP/1.6.364/gcc/dev/atmega32/avr5/crtatmega32.o
                0x0000008e                __vector_12
                0x0000008e                __bad_interrupt
                0x0000008e                __vector_6
                0x0000008e                __vector_3
                0x0000008e                __vector_11
                0x0000008e                __vector_13
                0x0000008e                __vector_17
                0x0000008e                __vector_19
                0x0000008e                __vector_7
                0x0000008e                __vector_5
                0x0000008e                __vector_4
                0x0000008e                __vector_9
                0x0000008e                __vector_2
                0x0000008e                __vector_15
                0x0000008e                __vector_8
                0x0000008e                __vector_14
                0x0000008e                __vector_10
                0x0000008e                __vector_16
                0x0000008e                __vector_18
                0x0000008e                __vector_20
                0x00000092                . = ALIGN (0x2)
 *(.text.*)
 .text.ADC_Init
                0x00000092       0x26 ADC.o
                0x00000092                ADC_Init
 .text.ADC_ChannelInit
                0x000000b8       0x1c ADC.o
                0x000000b8                ADC_ChannelInit
 .text.ADC_ReadChannel
                0x000000d4       0x26 ADC.o
                0x000000d4                ADC_ReadChannel
 .text.Selector_Set
                0x000000fa       0xf0 Sign_processing.o
                0x000000fa                Selector_Set
 .text.Sign_Read
                0x000001ea       0xac Sign_processing.o
                0x000001ea                Sign_Read
 .text.Sign_ClearAll
                0x00000296       0x48 Sign_processing.o
                0x00000296                Sign_ClearAll
 .text.Sign_Represent
                0x000002de      0x6d0 Sign_processing.o
                0x000002de                Sign_Represent
 .text.Dio_PinSetDirection
                0x000009ae      0x114 Dio.o
                0x000009ae                Dio_PinSetDirection
 .text.Dio_GroupSetDirection
                0x00000ac2       0x5e Dio.o
                0x00000ac2                Dio_GroupSetDirection
 .text.Dio_PortWrite
                0x00000b20       0x2e Dio.o
                0x00000b20                Dio_PortWrite
 .text.Dio_PinWrite
                0x00000b4e      0x116 Dio.o
                0x00000b4e                Dio_PinWrite
 .text.Dio_PinPullupState
                0x00000c64      0x116 Dio.o
                0x00000c64                Dio_PinPullupState
 .text.__vector_1
                0x00000d7a       0x1e ISRs.o
                0x00000d7a                __vector_1
 .text.LCD_Enable
                0x00000d98       0x22 LCD.o
                0x00000d98                LCD_Enable
 .text.LCD_Command
                0x00000dba       0x3e LCD.o
                0x00000dba                LCD_Command
 .text.LCD_Init
                0x00000df8       0x3a LCD.o
                0x00000df8                LCD_Init
 .text.LCD_Data
                0x00000e32       0x3e LCD.o
                0x00000e32                LCD_Data
 .text.LCD_DataString
                0x00000e70       0x1a LCD.o
                0x00000e70                LCD_DataString
 .text.main     0x00000e8a       0x6a main.o
                0x00000e8a                main
 .text.U16HEX2String
                0x00000ef4       0x5e StringHandler.o
                0x00000ef4                U16HEX2String
                0x00000f52                . = ALIGN (0x2)
 *(.fini9)
 .fini9         0x00000f52        0x0 c:/program files (x86)/atmel/studio/7.0/toolchain/avr8/avr8-gnu-toolchain/bin/../lib/gcc/avr/5.4.0/avr5\libgcc.a(_exit.o)
                0x00000f52                _exit
                0x00000f52                exit
 *(.fini9)
 *(.fini8)
 *(.fini8)
 *(.fini7)
 *(.fini7)
 *(.fini6)
 *(.fini6)
 *(.fini5)
 *(.fini5)
 *(.fini4)
 *(.fini4)
 *(.fini3)
 *(.fini3)
 *(.fini2)
 *(.fini2)
 *(.fini1)
 *(.fini1)
 *(.fini0)
 .fini0         0x00000f52        0x4 c:/program files (x86)/atmel/studio/7.0/toolchain/avr8/avr8-gnu-toolchain/bin/../lib/gcc/avr/5.4.0/avr5\libgcc.a(_exit.o)
 *(.fini0)
                0x00000f56                _etext = .

.data           0x00800060       0x90 load address 0x00000f56
                0x00800060                PROVIDE (__data_start, .)
 *(.data)
 *(.data*)
 .data.String14
                0x00800060        0xe Sign_processing.o
                0x00800060                String14
 .data.String13
                0x0080006e        0x8 Sign_processing.o
                0x0080006e                String13
 .data.String12
                0x00800076        0x9 Sign_processing.o
                0x00800076                String12
 .data.String11
                0x0080007f        0x6 Sign_processing.o
                0x0080007f                String11
 .data.String10
                0x00800085       0x10 Sign_processing.o
                0x00800085                String10
 .data.String9  0x00800095        0x9 Sign_processing.o
                0x00800095                String9
 .data.String8  0x0080009e       0x10 Sign_processing.o
                0x0080009e                String8
 .data.String7  0x008000ae        0x3 Sign_processing.o
                0x008000ae                String7
 .data.String6  0x008000b1        0x4 Sign_processing.o
                0x008000b1                String6
 .data.String5  0x008000b5       0x11 Sign_processing.o
                0x008000b5                String5
 .data.String4  0x008000c6        0x8 Sign_processing.o
                0x008000c6                String4
 .data.String3  0x008000ce        0x3 Sign_processing.o
                0x008000ce                String3
 .data.String2  0x008000d1        0xe Sign_processing.o
                0x008000d1                String2
 .data.String1  0x008000df        0xb Sign_processing.o
                0x008000df                String1
 .data.String0  0x008000ea        0x6 Sign_processing.o
                0x008000ea                String0
 *(.gnu.linkonce.d*)
 *(.rodata)
 *(.rodata*)
 *(.gnu.linkonce.r*)
                0x008000f0                . = ALIGN (0x2)
                0x008000f0                _edata = .
                0x008000f0                PROVIDE (__data_end, .)

.bss            0x008000f0       0x25
                0x008000f0                PROVIDE (__bss_start, .)
 *(.bss)
 *(.bss*)
 .bss.Little_Value
                0x008000f0        0x2 Sign_processing.o
                0x008000f0                Little_Value
 .bss.Ring_Value
                0x008000f2        0x2 Sign_processing.o
                0x008000f2                Ring_Value
 .bss.Middle_Value
                0x008000f4        0x2 Sign_processing.o
                0x008000f4                Middle_Value
 .bss.Index_Value
                0x008000f6        0x2 Sign_processing.o
                0x008000f6                Index_Value
 .bss.Thumb_Value
                0x008000f8        0x2 Sign_processing.o
                0x008000f8                Thumb_Value
 .bss.i         0x008000fa        0x1 Sign_processing.o
                0x008000fa                i
 .bss.INT0_flag
                0x008000fb        0x1 ISRs.o
                0x008000fb                INT0_flag
 *(COMMON)
 COMMON         0x008000fc       0x19 Sign_processing.o
                0x008000fc                Middle_String
                0x00800101                Thumb_String
                0x00800106                Little_String
                0x0080010b                Index_String
                0x00800110                Ring_String
                0x00800115                PROVIDE (__bss_end, .)
                0x00000f56                __data_load_start = LOADADDR (.data)
                0x00000fe6                __data_load_end = (__data_load_start + SIZEOF (.data))

.noinit         0x00800115        0x0
                [!provide]                PROVIDE (__noinit_start, .)
 *(.noinit*)
                [!provide]                PROVIDE (__noinit_end, .)
                0x00800115                _end = .
                [!provide]                PROVIDE (__heap_start, .)

.eeprom         0x00810000        0x0
 *(.eeprom*)
                0x00810000                __eeprom_end = .

.fuse
 *(.fuse)
 *(.lfuse)
 *(.hfuse)
 *(.efuse)

.lock
 *(.lock*)

.signature
 *(.signature*)

.user_signatures
 *(.user_signatures*)

.stab
 *(.stab)

.stabstr
 *(.stabstr)

.stab.excl
 *(.stab.excl)

.stab.exclstr
 *(.stab.exclstr)

.stab.index
 *(.stab.index)

.stab.indexstr
 *(.stab.indexstr)

.comment        0x00000000       0x30
 *(.comment)
 .comment       0x00000000       0x30 ADC.o
                                 0x31 (size before relaxing)
 .comment       0x00000030       0x31 Sign_processing.o
 .comment       0x00000030       0x31 Dio.o
 .comment       0x00000030       0x31 ISRs.o
 .comment       0x00000030       0x31 LCD.o
 .comment       0x00000030       0x31 main.o
 .comment       0x00000030       0x31 StringHandler.o

.note.gnu.avr.deviceinfo
                0x00000000       0x3c
 .note.gnu.avr.deviceinfo
                0x00000000       0x3c C:/Program Files (x86)/Atmel/Studio/7.0/Packs/atmel/ATmega_DFP/1.6.364/gcc/dev/atmega32/avr5/crtatmega32.o

.note.gnu.build-id
 *(.note.gnu.build-id)

.debug
 *(.debug)

.line
 *(.line)

.debug_srcinfo
 *(.debug_srcinfo)

.debug_sfnames
 *(.debug_sfnames)

.debug_aranges  0x00000000      0x1f8
 *(.debug_aranges)
 .debug_aranges
                0x00000000       0x30 ADC.o
 .debug_aranges
                0x00000030       0x40 Sign_processing.o
 .debug_aranges
                0x00000070       0xc0 Dio.o
 .debug_aranges
                0x00000130       0x20 ISRs.o
 .debug_aranges
                0x00000150       0x48 LCD.o
 .debug_aranges
                0x00000198       0x20 main.o
 .debug_aranges
                0x000001b8       0x40 StringHandler.o

.debug_pubnames
 *(.debug_pubnames)

.debug_info     0x00000000     0x22eb
 *(.debug_info .gnu.linkonce.wi.*)
 .debug_info    0x00000000      0x4e6 C:/Program Files (x86)/Atmel/Studio/7.0/Packs/atmel/ATmega_DFP/1.6.364/gcc/dev/atmega32/avr5/crtatmega32.o
 .debug_info    0x000004e6      0x162 ADC.o
 .debug_info    0x00000648      0xb53 Sign_processing.o
 .debug_info    0x0000119b      0x7d6 Dio.o
 .debug_info    0x00001971       0x95 ISRs.o
 .debug_info    0x00001a06      0x418 LCD.o
 .debug_info    0x00001e1e      0x2ad main.o
 .debug_info    0x000020cb      0x220 StringHandler.o

.debug_abbrev   0x00000000      0xbae
 *(.debug_abbrev)
 .debug_abbrev  0x00000000      0x4a3 C:/Program Files (x86)/Atmel/Studio/7.0/Packs/atmel/ATmega_DFP/1.6.364/gcc/dev/atmega32/avr5/crtatmega32.o
 .debug_abbrev  0x000004a3       0xf6 ADC.o
 .debug_abbrev  0x00000599      0x116 Sign_processing.o
 .debug_abbrev  0x000006af      0x10f Dio.o
 .debug_abbrev  0x000007be       0x62 ISRs.o
 .debug_abbrev  0x00000820      0x16d LCD.o
 .debug_abbrev  0x0000098d      0x120 main.o
 .debug_abbrev  0x00000aad      0x101 StringHandler.o

.debug_line     0x00000000     0x1c7a
 *(.debug_line .debug_line.* .debug_line_end)
 .debug_line    0x00000000      0x116 C:/Program Files (x86)/Atmel/Studio/7.0/Packs/atmel/ATmega_DFP/1.6.364/gcc/dev/atmega32/avr5/crtatmega32.o
 .debug_line    0x00000116      0x122 ADC.o
 .debug_line    0x00000238      0x891 Sign_processing.o
 .debug_line    0x00000ac9      0xbef Dio.o
 .debug_line    0x000016b8       0x54 ISRs.o
 .debug_line    0x0000170c      0x250 LCD.o
 .debug_line    0x0000195c      0x18e main.o
 .debug_line    0x00001aea      0x190 StringHandler.o

.debug_frame    0x00000000      0x384
 *(.debug_frame)
 .debug_frame   0x00000000       0x4c ADC.o
 .debug_frame   0x0000004c       0x64 Sign_processing.o
 .debug_frame   0x000000b0      0x164 Dio.o
 .debug_frame   0x00000214       0x34 ISRs.o
 .debug_frame   0x00000248       0x90 LCD.o
 .debug_frame   0x000002d8       0x24 main.o
 .debug_frame   0x000002fc       0x88 StringHandler.o

.debug_str      0x00000000      0x89d
 *(.debug_str)
 .debug_str     0x00000000      0x196 C:/Program Files (x86)/Atmel/Studio/7.0/Packs/atmel/ATmega_DFP/1.6.364/gcc/dev/atmega32/avr5/crtatmega32.o
 .debug_str     0x00000196      0x1c7 ADC.o
                                0x1fb (size before relaxing)
 .debug_str     0x0000035d      0x1e3 Sign_processing.o
                                0x376 (size before relaxing)
 .debug_str     0x00000540      0x22f Dio.o
                                0x402 (size before relaxing)
 .debug_str     0x0000076f       0x21 ISRs.o
                                0x19d (size before relaxing)
 .debug_str     0x00000790       0x95 LCD.o
                                0x290 (size before relaxing)
 .debug_str     0x00000825       0x11 main.o
                                0x265 (size before relaxing)
 .debug_str     0x00000836       0x67 StringHandler.o
                                0x208 (size before relaxing)

.debug_loc      0x00000000     0x19bc
 *(.debug_loc)
 .debug_loc     0x00000000       0x7a ADC.o
 .debug_loc     0x0000007a       0x85 Sign_processing.o
 .debug_loc     0x000000ff     0x1417 Dio.o
 .debug_loc     0x00001516       0x3c ISRs.o
 .debug_loc     0x00001552      0x238 LCD.o
 .debug_loc     0x0000178a      0x232 StringHandler.o

.debug_macinfo
 *(.debug_macinfo)

.debug_weaknames
 *(.debug_weaknames)

.debug_funcnames
 *(.debug_funcnames)

.debug_typenames
 *(.debug_typenames)

.debug_varnames
 *(.debug_varnames)

.debug_pubtypes
 *(.debug_pubtypes)

.debug_ranges   0x00000000      0x188
 *(.debug_ranges)
 .debug_ranges  0x00000000       0x20 ADC.o
 .debug_ranges  0x00000020       0x30 Sign_processing.o
 .debug_ranges  0x00000050       0xb0 Dio.o
 .debug_ranges  0x00000100       0x10 ISRs.o
 .debug_ranges  0x00000110       0x38 LCD.o
 .debug_ranges  0x00000148       0x10 main.o
 .debug_ranges  0x00000158       0x30 StringHandler.o

.debug_macro
 *(.debug_macro)
OUTPUT(glove_for_deaf.elf elf32-avr)
LOAD linker stubs
